{
  "version": "1.5.0",
  "plugins_used": [
    {
      "name": "ArtifactoryDetector"
    },
    {
      "name": "AWSKeyDetector"
    },
    {
      "name": "AzureStorageKeyDetector"
    },
    {
      "name": "Base64HighEntropyString",
      "limit": 4.5
    },
    {
      "name": "BasicAuthDetector"
    },
    {
      "name": "CloudantDetector"
    },
    {
      "name": "DiscordBotTokenDetector"
    },
    {
      "name": "GitHubTokenDetector"
    },
    {
      "name": "GitLabTokenDetector"
    },
    {
      "name": "HexHighEntropyString",
      "limit": 3.0
    },
    {
      "name": "IbmCloudIamDetector"
    },
    {
      "name": "IbmCosHmacDetector"
    },
    {
      "name": "IPPublicDetector"
    },
    {
      "name": "JwtTokenDetector"
    },
    {
      "name": "KeywordDetector",
      "keyword_exclude": ""
    },
    {
      "name": "MailchimpDetector"
    },
    {
      "name": "NpmDetector"
    },
    {
      "name": "OpenAIDetector"
    },
    {
      "name": "PrivateKeyDetector"
    },
    {
      "name": "PypiTokenDetector"
    },
    {
      "name": "SendGridDetector"
    },
    {
      "name": "SlackDetector"
    },
    {
      "name": "SoftlayerDetector"
    },
    {
      "name": "SquareOAuthDetector"
    },
    {
      "name": "StripeDetector"
    },
    {
      "name": "TelegramBotTokenDetector"
    },
    {
      "name": "TwilioKeyDetector"
    }
  ],
  "filters_used": [
    {
      "path": "detect_secrets.filters.allowlist.is_line_allowlisted"
    },
    {
      "path": "detect_secrets.filters.common.is_baseline_file",
      "filename": ".secrets.baseline"
    },
    {
      "path": "detect_secrets.filters.common.is_ignored_due_to_verification_policies",
      "min_level": 2
    },
    {
      "path": "detect_secrets.filters.heuristic.is_indirect_reference"
    },
    {
      "path": "detect_secrets.filters.heuristic.is_likely_id_string"
    },
    {
      "path": "detect_secrets.filters.heuristic.is_lock_file"
    },
    {
      "path": "detect_secrets.filters.heuristic.is_not_alphanumeric_string"
    },
    {
      "path": "detect_secrets.filters.heuristic.is_potential_uuid"
    },
    {
      "path": "detect_secrets.filters.heuristic.is_prefixed_with_dollar_sign"
    },
    {
      "path": "detect_secrets.filters.heuristic.is_sequential_string"
    },
    {
      "path": "detect_secrets.filters.heuristic.is_swagger_file"
    },
    {
      "path": "detect_secrets.filters.heuristic.is_templated_secret"
    },
    {
      "path": "detect_secrets.filters.regex.should_exclude_file",
      "pattern": [
        "(\\.venv|\\.agents|chroma_db|logs|\\.log|\\.db|\\.png|\\.jpg|node_modules|test_runs)"
      ]
    }
  ],
  "results": {
    "nerves\\workers\\trading\\scripts\\run_test_campaign.py": [
      {
        "type": "Secret Keyword",
        "filename": "nerves\\workers\\trading\\scripts\\run_test_campaign.py",
        "hashed_secret": "573284fda28a2fde7f65c8419e4909286a932f1c",
        "is_verified": false,
        "line_number": 56
      },
      {
        "type": "Secret Keyword",
        "filename": "nerves\\workers\\trading\\scripts\\run_test_campaign.py",
        "hashed_secret": "ee01f5d920e5692f63a38a783bbb4f893fc13131",
        "is_verified": false,
        "line_number": 57
      }
    ],
    "nerves\\workers\\trading\\scripts\\weex_crawler.py": [
      {
        "type": "Secret Keyword",
        "filename": "nerves\\workers\\trading\\scripts\\weex_crawler.py",
        "hashed_secret": "80fa95123f6b2fcedd3694d9543c49b6b8aa2822",
        "is_verified": false,
        "line_number": 138
      },
      {
        "type": "Secret Keyword",
        "filename": "nerves\\workers\\trading\\scripts\\weex_crawler.py",
        "hashed_secret": "89a6cfe2a229151e8055abee107d45ed087bbb4f",
        "is_verified": false,
        "line_number": 406
      }
    ],
    "nerves\\workers\\trading\\tests\\conftest.py": [
      {
        "type": "Secret Keyword",
        "filename": "nerves\\workers\\trading\\tests\\conftest.py",
        "hashed_secret": "fe1bae27cb7c1fb823f496f286e78f1d2ae87734",
        "is_verified": false,
        "line_number": 17
      }
    ],
    "nerves\\workers\\trading\\tests\\e2e\\test_dashboard_e2e.py": [
      {
        "type": "Secret Keyword",
        "filename": "nerves\\workers\\trading\\tests\\e2e\\test_dashboard_e2e.py",
        "hashed_secret": "fe1bae27cb7c1fb823f496f286e78f1d2ae87734",
        "is_verified": false,
        "line_number": 54
      }
    ],
    "nerves/workers/trading/tests/e2e/test_indicator_signals_feed_e2e.py": [
      {
        "type": "Secret Keyword",
        "filename": "nerves/workers/trading/tests/e2e/test_indicator_signals_feed_e2e.py",
        "hashed_secret": "fe1bae27cb7c1fb823f496f286e78f1d2ae87734",
        "is_verified": false,
        "line_number": 47
      }
    ],
    "nerves\\workers\\trading\\tests\\integration\\test_server_a_c_integration.py": [
      {
        "type": "Secret Keyword",
        "filename": "nerves\\workers\\trading\\tests\\integration\\test_server_a_c_integration.py",
        "hashed_secret": "fe1bae27cb7c1fb823f496f286e78f1d2ae87734",
        "is_verified": false,
        "line_number": 176
      },
      {
        "type": "Secret Keyword",
        "filename": "nerves\\workers\\trading\\tests\\integration\\test_server_a_c_integration.py",
        "hashed_secret": "41a0b2b6b20d4df8c0534e0eaa50945b24ea3663",
        "is_verified": false,
        "line_number": 412
      },
      {
        "type": "Secret Keyword",
        "filename": "nerves\\workers\\trading\\tests\\integration\\test_server_a_c_integration.py",
        "hashed_secret": "a47bac4d337e6fcb28d0c96f962e44db0b1b35dd",
        "is_verified": false,
        "line_number": 413
      }
    ],
    "nerves\\workers\\trading\\tests\\integration\\test_webhook.py": [
      {
        "type": "Secret Keyword",
        "filename": "nerves\\workers\\trading\\tests\\integration\\test_webhook.py",
        "hashed_secret": "fe1bae27cb7c1fb823f496f286e78f1d2ae87734",
        "is_verified": false,
        "line_number": 12
      }
    ],
    "nerves\\workers\\trading\\tests\\mock_data\\payloads.json": [
      {
        "type": "Hex High Entropy String",
        "filename": "nerves\\workers\\trading\\tests\\mock_data\\payloads.json",
        "hashed_secret": "10acd4edb3caf2ca8d9594902c367766a1d34906",
        "is_verified": false,
        "line_number": 3
      },
      {
        "type": "Secret Keyword",
        "filename": "nerves\\workers\\trading\\tests\\mock_data\\payloads.json",
        "hashed_secret": "10acd4edb3caf2ca8d9594902c367766a1d34906",
        "is_verified": false,
        "line_number": 3
      },
      {
        "type": "Secret Keyword",
        "filename": "nerves\\workers\\trading\\tests\\mock_data\\payloads.json",
        "hashed_secret": "85c08fb0ff6bae7e56652ee15d4f049d67605dbd",
        "is_verified": false,
        "line_number": 30
      }
    ],
    "nerves\\workers\\trading\\tests\\property\\test_claude_cli_properties.py": [
      {
        "type": "Secret Keyword",
        "filename": "nerves\\workers\\trading\\tests\\property\\test_claude_cli_properties.py",
        "hashed_secret": "3acfb2c2b433c0ea7ff107e33df91b18e52f960f",
        "is_verified": false,
        "line_number": 65
      }
    ],
    "nerves\\workers\\trading\\tests\\security\\test_auth.py": [
      {
        "type": "Secret Keyword",
        "filename": "nerves\\workers\\trading\\tests\\security\\test_auth.py",
        "hashed_secret": "7deeb1b520a95d17eb2f4cf59b05d5c5f9e71e4d",
        "is_verified": false,
        "line_number": 21
      },
      {
        "type": "Secret Keyword",
        "filename": "nerves\\workers\\trading\\tests\\security\\test_auth.py",
        "hashed_secret": "fe1bae27cb7c1fb823f496f286e78f1d2ae87734",
        "is_verified": false,
        "line_number": 29
      }
    ],
    "nerves\\workers\\trading\\tests\\test_decentralized_approval.py": [
      {
        "type": "Secret Keyword",
        "filename": "nerves\\workers\\trading\\tests\\test_decentralized_approval.py",
        "hashed_secret": "994ac013a1ab426f9654108a789752e66d984324",
        "is_verified": false,
        "line_number": 19
      }
    ],
    "nerves\\workers\\trading\\tests\\unit\\test_weex_adapter.py": [
      {
        "type": "Secret Keyword",
        "filename": "nerves\\workers\\trading\\tests\\unit\\test_weex_adapter.py",
        "hashed_secret": "573284fda28a2fde7f65c8419e4909286a932f1c",
        "is_verified": false,
        "line_number": 10
      },
      {
        "type": "Secret Keyword",
        "filename": "nerves\\workers\\trading\\tests\\unit\\test_weex_adapter.py",
        "hashed_secret": "ee01f5d920e5692f63a38a783bbb4f893fc13131",
        "is_verified": false,
        "line_number": 11
      }
    ],
    "scripts\\simulate_pipeline.py": [
      {
        "type": "Secret Keyword",
        "filename": "scripts\\simulate_pipeline.py",
        "hashed_secret": "61d973b642ab89d906c49eb07d614130c2d1059c",
        "is_verified": false,
        "line_number": 16
      },
      {
        "type": "Secret Keyword",
        "filename": "scripts\\simulate_pipeline.py",
        "hashed_secret": "0be49310bfce6072923152af0165aeaa41282371",
        "is_verified": false,
        "line_number": 18
      }
    ]
  },
  "generated_at": "2026-06-05T16:39:12Z"
}
